[11:01:57] 刷新设备...
[11:01:57] > C:\Users\Administrator\AppData\Local\Android\Sdk\platform-tools\adb.exe devices -l
[11:01:57] List of devices attached
[11:01:57] VBJDU19521002427       device product:COL-AL10 model:COL_AL10 device:HWCOL transport_id:4
[11:01:57] 127.0.0.1:5555         device product:PD2241 model:V2241A device:PD2241 transport_id:1
[11:01:57] 
[11:01:57] > C:\Users\Administrator\AppData\Local\Android\Sdk\platform-tools\adb.exe -s VBJDU19521002427 shell getprop ro.product.manufacturer
[11:01:57] HUAWEI
[11:01:57] > C:\Users\Administrator\AppData\Local\Android\Sdk\platform-tools\adb.exe -s VBJDU19521002427 shell getprop ro.build.version.release
[11:01:57] 10
[11:01:57] > C:\Users\Administrator\AppData\Local\Android\Sdk\platform-tools\adb.exe -s 127.0.0.1:5555 shell getprop ro.product.manufacturer
[11:01:57] vivo
[11:01:57] > C:\Users\Administrator\AppData\Local\Android\Sdk\platform-tools\adb.exe -s 127.0.0.1:5555 shell getprop ro.build.version.release
[11:01:57] 12
[11:02:05] 刷新设备...
[11:02:05] > C:\Users\Administrator\AppData\Local\Android\Sdk\platform-tools\adb.exe devices -l
[11:02:05] > C:\Users\Administrator\AppData\Local\Android\Sdk\platform-tools\adb.exe -s VBJDU19521002427 shell getprop ro.product.manufacturer
[11:02:05] > C:\Users\Administrator\AppData\Local\Android\Sdk\platform-tools\adb.exe -s VBJDU19521002427 shell getprop ro.build.version.release
[11:02:05] > C:\Users\Administrator\AppData\Local\Android\Sdk\platform-tools\adb.exe -s 127.0.0.1:5555 shell getprop ro.product.manufacturer
[11:02:05] > C:\Users\Administrator\AppData\Local\Android\Sdk\platform-tools\adb.exe -s 127.0.0.1:5555 shell getprop ro.build.version.release
[11:02:05] List of devices attached
[11:02:05] VBJDU19521002427       device product:COL-AL10 model:COL_AL10 device:HWCOL transport_id:4
[11:02:05] 127.0.0.1:5555         device product:PD2241 model:V2241A device:PD2241 transport_id:1
[11:02:05] 
[11:02:05] HUAWEI
[11:02:05] 10
[11:02:05] vivo
[11:02:05] 12
[11:22:40] 刷新设备...
[11:22:40] > C:\Users\Administrator\AppData\Local\Android\Sdk\platform-tools\adb.exe devices -l
[11:22:40] > C:\Users\Administrator\AppData\Local\Android\Sdk\platform-tools\adb.exe -s BIG6WODMPVAEHADU shell getprop ro.product.manufacturer
[11:22:40] > C:\Users\Administrator\AppData\Local\Android\Sdk\platform-tools\adb.exe -s BIG6WODMPVAEHADU shell getprop ro.build.version.release
[11:22:40] > C:\Users\Administrator\AppData\Local\Android\Sdk\platform-tools\adb.exe -s VBJDU19521002427 shell getprop ro.product.manufacturer
[11:22:40] > C:\Users\Administrator\AppData\Local\Android\Sdk\platform-tools\adb.exe -s VBJDU19521002427 shell getprop ro.build.version.release
[11:22:40] > C:\Users\Administrator\AppData\Local\Android\Sdk\platform-tools\adb.exe -s 127.0.0.1:5555 shell getprop ro.product.manufacturer
[11:22:41] > C:\Users\Administrator\AppData\Local\Android\Sdk\platform-tools\adb.exe -s 127.0.0.1:5555 shell getprop ro.build.version.release
[11:22:41] List of devices attached
[11:22:41] BIG6WODMPVAEHADU       device product:PD1986 model:V1986A device:PD1986 transport_id:5
[11:22:41] VBJDU19521002427       device product:COL-AL10 model:COL_AL10 device:HWCOL transport_id:4
[11:22:41] 127.0.0.1:5555         device product:PD2241 model:V2241A device:PD2241 transport_id:1
[11:22:41] 
[11:22:41] vivo
[11:22:41] 12
[11:22:41] HUAWEI
[11:22:41] 10
[11:22:41] vivo
[11:22:41] 12
[11:22:56] > C:\Users\Administrator\AppData\Local\Android\Sdk\build-tools\36.0.0\aapt.exe dump badging D:\apk_share\Vova-1.3.4-2026_0605_1126-debug.apk
[11:22:56] package: name='com.vova.app' versionCode='34' versionName='1.3.4' platformBuildVersionName='15' platformBuildVersionCode='35' compileSdkVersion='35' compileSdkVersionCodename='15'
[11:22:56] sdkVersion:'24'
[11:22:56] targetSdkVersion:'35'
[11:22:56] uses-permission: name='android.permission.INTERNET'
[11:22:56] uses-permission: name='android.permission.RECORD_AUDIO'
[11:22:56] uses-permission: name='android.permission.ACCESS_NETWORK_STATE'
[11:22:56] uses-permission: name='android.permission.ACCESS_WIFI_STATE'
[11:22:56] uses-permission: name='android.permission.VIBRATE'
[11:22:56] uses-permission: name='android.permission.POST_NOTIFICATIONS'
[11:22:56] uses-permission: name='android.permission.FOREGROUND_SERVICE'
[11:22:56] uses-permission: name='android.permission.FOREGROUND_SERVICE_MICROPHONE'
[11:22:56] uses-permission: name='android.permission.MODIFY_AUDIO_SETTINGS'
[11:22:56] uses-permission: name='android.permission.FLASHLIGHT'
[11:22:56] uses-permission: name='android.permission.READ_MEDIA_AUDIO'
[11:22:56] uses-permission: name='android.permission.READ_EXTERNAL_STORAGE' maxSdkVersion='32'
[11:22:56] uses-permission: name='android.permission.WRITE_EXTERNAL_STORAGE' maxSdkVersion='32'
[11:22:56] uses-permission: name='android.permission.USE_BIOMETRIC'
[11:22:56] uses-permission: name='android.permission.USE_FINGERPRINT'
[11:22:56] uses-permission: name='com.android.vending.BILLING'
[11:22:56] uses-permission: name='android.permission.WAKE_LOCK'
[11:22:56] uses-permission: name='com.google.android.finsky.permission.BIND_GET_INSTALL_REFERRER_SERVICE'
[11:22:56] uses-permission: name='android.permission.ACCESS_ADSERVICES_ATTRIBUTION'
[11:22:56] uses-permission: name='android.permission.ACCESS_ADSERVICES_AD_ID'
[11:22:56] uses-permission: name='android.permission.ACCESS_ADSERVICES_CUSTOM_AUDIENCE'
[11:22:56] uses-permission: name='android.permission.ACCESS_ADSERVICES_TOPICS'
[11:22:56] uses-permission: name='com.vova.app.DYNAMIC_RECEIVER_NOT_EXPORTED_PERMISSION'
[11:22:56] application-label:'Vova'
[11:22:56] application-label-af:'Vova'
[11:22:56] application-label-am:'Vova'
[11:22:56] application-label-ar:'Vova'
[11:22:56] application-label-as:'Vova'
[11:22:56] application-label-az:'Vova'
[11:22:56] application-label-be:'Vova'
[11:22:56] application-label-bg:'Vova'
[11:22:56] application-label-bn:'Vova'
[11:22:56] application-label-bs:'Vova'
[11:22:56] application-label-ca:'Vova'
[11:22:56] application-label-cs:'Vova'
[11:22:56] application-label-da:'Vova'
[11:22:56] application-label-de:'Vova'
[11:22:56] application-label-el:'Vova'
[11:22:56] application-label-en:'Vova'
[11:22:56] application-label-en-AU:'Vova'
[11:22:56] application-label-en-CA:'Vova'
[11:22:56] application-label-en-GB:'Vova'
[11:22:56] application-label-en-IN:'Vova'
[11:22:56] application-label-en-XC:'Vova'
[11:22:56] application-label-es:'Vova'
[11:22:56] application-label-es-419:'Vova'
[11:22:56] application-label-es-ES:'Vova'
[11:22:56] application-label-es-US:'Vova'
[11:22:56] application-label-et:'Vova'
[11:22:56] application-label-eu:'Vova'
[11:22:56] application-label-fa:'Vova'
[11:22:56] application-label-fi:'Vova'
[11:22:56] application-label-fr:'Vova'
[11:22:56] application-label-fr-CA:'Vova'
[11:22:56] application-label-gl:'Vova'
[11:22:56] application-label-gu:'Vova'
[11:22:56] application-label-hi:'Vova'
[11:22:56] application-label-hr:'Vova'
[11:22:56] application-label-hu:'Vova'
[11:22:56] application-label-hy:'Vova'
[11:22:56] application-label-id:'Vova'
[11:22:56] application-label-in:'Vova'
[11:22:56] application-label-is:'Vova'
[11:22:56] application-label-it:'Vova'
[11:22:56] application-label-iw:'Vova'
[11:22:56] application-label-ja:'Vova'
[11:22:56] application-label-ka:'Vova'
[11:22:56] application-label-kk:'Vova'
[11:22:56] application-label-km:'Vova'
[11:22:56] application-label-kn:'Vova'
[11:22:56] application-label-ko:'Vova'
[11:22:56] application-label-ky:'Vova'
[11:22:56] application-label-lo:'Vova'
[11:22:56] application-label-lt:'Vova'
[11:22:56] application-label-lv:'Vova'
[11:22:56] application-label-mk:'Vova'
[11:22:56] application-label-ml:'Vova'
[11:22:56] application-label-mn:'Vova'
[11:22:56] application-label-mr:'Vova'
[11:22:56] application-label-ms:'Vova'
[11:22:56] application-label-my:'Vova'
[11:22:56] application-label-nb:'Vova'
[11:22:56] application-label-ne:'Vova'
[11:22:56] application-label-nl:'Vova'
[11:22:56] application-label-or:'Vova'
[11:22:56] application-label-pa:'Vova'
[11:22:56] application-label-pl:'Vova'
[11:22:56] application-label-pt:'Vova'
[11:22:56] application-label-pt-BR:'Vova'
[11:22:56] application-label-pt-PT:'Vova'
[11:22:56] application-label-ro:'Vova'
[11:22:56] application-label-ru:'Vova'
[11:22:56] application-label-si:'Vova'
[11:22:56] application-label-sk:'Vova'
[11:22:56] application-label-sl:'Vova'
[11:22:56] application-label-sq:'Vova'
[11:22:56] application-label-sr:'Vova'
[11:22:56] application-label-sr-Latn:'Vova'
[11:22:56] application-label-sv:'Vova'
[11:22:56] application-label-sw:'Vova'
[11:22:56] application-label-ta:'Vova'
[11:22:56] application-label-te:'Vova'
[11:22:56] application-label-th:'Vova'
[11:22:56] application-label-tl:'Vova'
[11:22:56] application-label-tr:'Vova'
[11:22:56] application-label-uk:'Vova'
[11:22:56] application-label-ur:'Vova'
[11:22:56] application-label-uz:'Vova'
[11:22:56] application-label-vi:'Vova'
[11:22:56] application-label-zh:'Vova'
[11:22:56] application-label-zh-CN:'Vova'
[11:22:56] application-label-zh-HK:'Vova'
[11:22:56] application-label-zh-TW:'Vova'
[11:22:56] application-label-zu:'Vova'
[11:22:56] application-icon-120:'res/mipmap-mdpi-v4/ic_launcher.webp'
[11:22:56] application-icon-160:'res/mipmap-mdpi-v4/ic_launcher.webp'
[11:22:56] application-icon-240:'res/mipmap-hdpi-v4/ic_launcher.webp'
[11:22:56] application-icon-320:'res/mipmap-xhdpi-v4/ic_launcher.webp'
[11:22:56] application-icon-480:'res/mipmap-xxhdpi-v4/ic_launcher.webp'
[11:22:56] application-icon-640:'res/mipmap-xxxhdpi-v4/ic_launcher.webp'
[11:22:56] application-icon-65534:'res/mipmap-mdpi-v4/ic_launcher.webp'
[11:22:56] application: label='Vova' icon='res/mipmap-mdpi-v4/ic_launcher.webp'
[11:22:56] application-debuggable
[11:22:56] launchable-activity: name='com.vova.app.ui.LauncherActivity'  label='' icon=''
[11:22:56] uses-library-not-required:'android.ext.adservices'
[11:22:56] feature-group: label=''
[11:22:56]   uses-feature-not-required: name='android.hardware.camera'
[11:22:56]   uses-feature: name='android.hardware.faketouch'
[11:22:56]   uses-implied-feature: name='android.hardware.faketouch' reason='default feature for all apps'
[11:22:56]   uses-feature: name='android.hardware.microphone'
[11:22:56]   uses-implied-feature: name='android.hardware.microphone' reason='requested android.permission.RECORD_AUDIO permission'
[11:22:56]   uses-feature: name='android.hardware.screen.portrait'
[11:22:56]   uses-implied-feature: name='android.hardware.screen.portrait' reason='one or more activities have specified a portrait orientation'
[11:22:56]   uses-feature: name='android.hardware.wifi'
[11:22:56]   uses-implied-feature: name='android.hardware.wifi' reason='requested android.permission.ACCESS_WIFI_STATE permission'
[11:22:56] main
[11:22:56] other-activities
[11:22:56] other-receivers
[11:22:56] other-services
[11:22:56] supports-screens: 'small' 'normal' 'large' 'xlarge'
[11:22:56] supports-any-density: 'true'
[11:22:56] locales: '--_--' 'af' 'am' 'ar' 'as' 'az' 'be' 'bg' 'bn' 'bs' 'ca' 'cs' 'da' 'de' 'el' 'en' 'en-AU' 'en-CA' 'en-GB' 'en-IN' 'en-XC' 'es' 'es-419' 'es-ES' 'es-US' 'et' 'eu' 'fa' 'fi' 'fr' 'fr-CA' 'gl' 'gu' 'hi' 'hr' 'hu' 'hy' 'id' 'in' 'is' 'it' 'iw' 'ja' 'ka' 'kk' 'km' 'kn' 'ko' 'ky' 'lo' 'lt' 'lv' 'mk' 'ml' 'mn' 'mr' 'ms' 'my' 'nb' 'ne' 'nl' 'or' 'pa' 'pl' 'pt' 'pt-BR' 'pt-PT' 'ro' 'ru' 'si' 'sk' 'sl' 'sq' 'sr' 'sr-Latn' 'sv' 'sw' 'ta' 'te' 'th' 'tl' 'tr' 'uk' 'ur' 'uz' 'vi' 'zh' 'zh-CN' 'zh-HK' 'zh-TW' 'zu'
[11:22:56] densities: '120' '160' '240' '320' '480' '640' '65534'
[11:22:56] native-code: 'arm64-v8a' 'armeabi-v7a'
[11:22:59] 开始执行，APK：D:\apk_share\Vova-1.3.4-2026_0605_1126-debug.apk
[11:22:59] [1/1] 处理设备：vivo V1986A | BIG6WODMPVAEHADU | device | Android 12 | device:PD1986 | product:PD1986
[11:22:59] 安装 APK...
[11:22:59] > C:\Users\Administrator\AppData\Local\Android\Sdk\platform-tools\adb.exe -s BIG6WODMPVAEHADU install -r -d -t D:\apk_share\Vova-1.3.4-2026_0605_1126-debug.apk
[11:23:09] Performing Streamed Install
[11:23:09] Success
[11:23:09] 安装成功。
[11:23:09] > C:\Users\Administrator\AppData\Local\Android\Sdk\platform-tools\adb.exe -s BIG6WODMPVAEHADU shell am start -n com.vova.app/com.vova.app.ui.LauncherActivity
[11:23:09] Starting: Intent { cmp=com.vova.app/.ui.LauncherActivity }
[11:23:09] 启动应用成功。
[11:23:09] 执行完成：成功 1，失败 0，跳过 0
[11:44:58] 开始执行，APK：D:\apk_share\Vova-1.3.4-2026_0605_1126-debug.apk
[11:44:58] [1/2] 处理设备：vivo V1986A | BIG6WODMPVAEHADU | device | Android 12 | device:PD1986 | product:PD1986
[11:44:58] 安装 APK...
[11:44:58] > C:\Users\Administrator\AppData\Local\Android\Sdk\platform-tools\adb.exe -s BIG6WODMPVAEHADU install -r -d -t D:\apk_share\Vova-1.3.4-2026_0605_1126-debug.apk
[11:45:10] Performing Streamed Install
[11:45:10] Success
[11:45:10] 安装成功。
[11:45:10] > C:\Users\Administrator\AppData\Local\Android\Sdk\platform-tools\adb.exe -s BIG6WODMPVAEHADU shell am start -n com.vova.app/com.vova.app.ui.LauncherActivity
[11:45:10] Starting: Intent { cmp=com.vova.app/.ui.LauncherActivity }
[11:45:10] 启动应用成功。
[11:45:10] [2/2] 处理设备：HUAWEI COL_AL10 | VBJDU19521002427 | device | Android 10 | device:HWCOL | product:COL-AL10
[11:45:10] 安装 APK...
[11:45:10] > C:\Users\Administrator\AppData\Local\Android\Sdk\platform-tools\adb.exe -s VBJDU19521002427 install -r -d -t D:\apk_share\Vova-1.3.4-2026_0605_1126-debug.apk
[11:45:18] Performing Streamed Install
[11:45:18] Success
[11:45:18] 安装成功。
[11:45:18] > C:\Users\Administrator\AppData\Local\Android\Sdk\platform-tools\adb.exe -s VBJDU19521002427 shell am start -n com.vova.app/com.vova.app.ui.LauncherActivity
[11:45:18] Starting: Intent { cmp=com.vova.app/.ui.LauncherActivity }
[11:45:18] 启动应用成功。
[11:45:18] 执行完成：成功 2，失败 0，跳过 0
[11:48:09] > C:\Users\Administrator\AppData\Local\Android\Sdk\build-tools\36.0.0\aapt.exe dump badging D:\AndroidProject\Vova\app\build\intermediates\apk\debug\Vova-1.3.4-2026_0608_1138-debug.apk
[11:48:09] package: name='com.vova.app' versionCode='34' versionName='1.3.4' platformBuildVersionName='15' platformBuildVersionCode='35' compileSdkVersion='35' compileSdkVersionCodename='15'
[11:48:09] sdkVersion:'24'
[11:48:09] targetSdkVersion:'35'
[11:48:09] uses-permission: name='android.permission.INTERNET'
[11:48:09] uses-permission: name='android.permission.RECORD_AUDIO'
[11:48:09] uses-permission: name='android.permission.ACCESS_NETWORK_STATE'
[11:48:09] uses-permission: name='android.permission.ACCESS_WIFI_STATE'
[11:48:09] uses-permission: name='android.permission.VIBRATE'
[11:48:09] uses-permission: name='android.permission.POST_NOTIFICATIONS'
[11:48:09] uses-permission: name='android.permission.FOREGROUND_SERVICE'
[11:48:09] uses-permission: name='android.permission.FOREGROUND_SERVICE_MICROPHONE'
[11:48:09] uses-permission: name='android.permission.MODIFY_AUDIO_SETTINGS'
[11:48:09] uses-permission: name='android.permission.FLASHLIGHT'
[11:48:09] uses-permission: name='android.permission.READ_MEDIA_AUDIO'
[11:48:09] uses-permission: name='android.permission.READ_EXTERNAL_STORAGE' maxSdkVersion='32'
[11:48:09] uses-permission: name='android.permission.WRITE_EXTERNAL_STORAGE' maxSdkVersion='32'
[11:48:09] uses-permission: name='android.permission.USE_BIOMETRIC'
[11:48:09] uses-permission: name='android.permission.USE_FINGERPRINT'
[11:48:09] uses-permission: name='com.android.vending.BILLING'
[11:48:09] uses-permission: name='android.permission.WAKE_LOCK'
[11:48:09] uses-permission: name='com.google.android.finsky.permission.BIND_GET_INSTALL_REFERRER_SERVICE'
[11:48:09] uses-permission: name='android.permission.ACCESS_ADSERVICES_ATTRIBUTION'
[11:48:09] uses-permission: name='android.permission.ACCESS_ADSERVICES_AD_ID'
[11:48:09] uses-permission: name='android.permission.ACCESS_ADSERVICES_CUSTOM_AUDIENCE'
[11:48:09] uses-permission: name='android.permission.ACCESS_ADSERVICES_TOPICS'
[11:48:09] uses-permission: name='com.vova.app.DYNAMIC_RECEIVER_NOT_EXPORTED_PERMISSION'
[11:48:09] application-label:'Vova'
[11:48:09] application-label-af:'Vova'
[11:48:09] application-label-am:'Vova'
[11:48:09] application-label-ar:'Vova'
[11:48:09] application-label-as:'Vova'
[11:48:09] application-label-az:'Vova'
[11:48:09] application-label-be:'Vova'
[11:48:09] application-label-bg:'Vova'
[11:48:09] application-label-bn:'Vova'
[11:48:09] application-label-bs:'Vova'
[11:48:09] application-label-ca:'Vova'
[11:48:09] application-label-cs:'Vova'
[11:48:09] application-label-da:'Vova'
[11:48:09] application-label-de:'Vova'
[11:48:09] application-label-el:'Vova'
[11:48:09] application-label-en:'Vova'
[11:48:09] application-label-en-AU:'Vova'
[11:48:09] application-label-en-CA:'Vova'
[11:48:09] application-label-en-GB:'Vova'
[11:48:09] application-label-en-IN:'Vova'
[11:48:09] application-label-en-XC:'Vova'
[11:48:09] application-label-es:'Vova'
[11:48:09] application-label-es-419:'Vova'
[11:48:09] application-label-es-ES:'Vova'
[11:48:09] application-label-es-US:'Vova'
[11:48:09] application-label-et:'Vova'
[11:48:09] application-label-eu:'Vova'
[11:48:09] application-label-fa:'Vova'
[11:48:09] application-label-fi:'Vova'
[11:48:09] application-label-fr:'Vova'
[11:48:09] application-label-fr-CA:'Vova'
[11:48:09] application-label-gl:'Vova'
[11:48:09] application-label-gu:'Vova'
[11:48:09] application-label-hi:'Vova'
[11:48:09] application-label-hr:'Vova'
[11:48:09] application-label-hu:'Vova'
[11:48:09] application-label-hy:'Vova'
[11:48:09] application-label-id:'Vova'
[11:48:09] application-label-in:'Vova'
[11:48:09] application-label-is:'Vova'
[11:48:09] application-label-it:'Vova'
[11:48:09] application-label-iw:'Vova'
[11:48:09] application-label-ja:'Vova'
[11:48:09] application-label-ka:'Vova'
[11:48:09] application-label-kk:'Vova'
[11:48:09] application-label-km:'Vova'
[11:48:09] application-label-kn:'Vova'
[11:48:09] application-label-ko:'Vova'
[11:48:09] application-label-ky:'Vova'
[11:48:09] application-label-lo:'Vova'
[11:48:09] application-label-lt:'Vova'
[11:48:09] application-label-lv:'Vova'
[11:48:09] application-label-mk:'Vova'
[11:48:09] application-label-ml:'Vova'
[11:48:09] application-label-mn:'Vova'
[11:48:09] application-label-mr:'Vova'
[11:48:09] application-label-ms:'Vova'
[11:48:09] application-label-my:'Vova'
[11:48:09] application-label-nb:'Vova'
[11:48:09] application-label-ne:'Vova'
[11:48:09] application-label-nl:'Vova'
[11:48:09] application-label-or:'Vova'
[11:48:09] application-label-pa:'Vova'
[11:48:09] application-label-pl:'Vova'
[11:48:09] application-label-pt:'Vova'
[11:48:09] application-label-pt-BR:'Vova'
[11:48:09] application-label-pt-PT:'Vova'
[11:48:09] application-label-ro:'Vova'
[11:48:09] application-label-ru:'Vova'
[11:48:09] application-label-si:'Vova'
[11:48:09] application-label-sk:'Vova'
[11:48:09] application-label-sl:'Vova'
[11:48:09] application-label-sq:'Vova'
[11:48:09] application-label-sr:'Vova'
[11:48:09] application-label-sr-Latn:'Vova'
[11:48:09] application-label-sv:'Vova'
[11:48:09] application-label-sw:'Vova'
[11:48:09] application-label-ta:'Vova'
[11:48:09] application-label-te:'Vova'
[11:48:09] application-label-th:'Vova'
[11:48:09] application-label-tl:'Vova'
[11:48:09] application-label-tr:'Vova'
[11:48:09] application-label-uk:'Vova'
[11:48:09] application-label-ur:'Vova'
[11:48:09] application-label-uz:'Vova'
[11:48:09] application-label-vi:'Vova'
[11:48:09] application-label-zh:'Vova'
[11:48:09] application-label-zh-CN:'Vova'
[11:48:09] application-label-zh-HK:'Vova'
[11:48:09] application-label-zh-TW:'Vova'
[11:48:09] application-label-zu:'Vova'
[11:48:09] application-icon-120:'res/mipmap-mdpi-v4/ic_launcher.webp'
[11:48:09] application-icon-160:'res/mipmap-mdpi-v4/ic_launcher.webp'
[11:48:09] application-icon-240:'res/mipmap-hdpi-v4/ic_launcher.webp'
[11:48:09] application-icon-320:'res/mipmap-xhdpi-v4/ic_launcher.webp'
[11:48:09] application-icon-480:'res/mipmap-xxhdpi-v4/ic_launcher.webp'
[11:48:09] application-icon-640:'res/mipmap-xxxhdpi-v4/ic_launcher.webp'
[11:48:09] application-icon-65534:'res/mipmap-mdpi-v4/ic_launcher.webp'
[11:48:09] application: label='Vova' icon='res/mipmap-mdpi-v4/ic_launcher.webp'
[11:48:09] testOnly='-1'
[11:48:09] application-debuggable
[11:48:09] launchable-activity: name='com.vova.app.ui.LauncherActivity'  label='' icon=''
[11:48:09] uses-library-not-required:'android.ext.adservices'
[11:48:09] feature-group: label=''
[11:48:09]   uses-feature-not-required: name='android.hardware.camera'
[11:48:09]   uses-feature: name='android.hardware.faketouch'
[11:48:09]   uses-implied-feature: name='android.hardware.faketouch' reason='default feature for all apps'
[11:48:09]   uses-feature: name='android.hardware.microphone'
[11:48:09]   uses-implied-feature: name='android.hardware.microphone' reason='requested android.permission.RECORD_AUDIO permission'
[11:48:09]   uses-feature: name='android.hardware.screen.portrait'
[11:48:09]   uses-implied-feature: name='android.hardware.screen.portrait' reason='one or more activities have specified a portrait orientation'
[11:48:09]   uses-feature: name='android.hardware.wifi'
[11:48:09]   uses-implied-feature: name='android.hardware.wifi' reason='requested android.permission.ACCESS_WIFI_STATE permission'
[11:48:09] main
[11:48:09] other-activities
[11:48:09] other-receivers
[11:48:09] other-services
[11:48:09] supports-screens: 'small' 'normal' 'large' 'xlarge'
[11:48:09] supports-any-density: 'true'
[11:48:09] locales: '--_--' 'af' 'am' 'ar' 'as' 'az' 'be' 'bg' 'bn' 'bs' 'ca' 'cs' 'da' 'de' 'el' 'en' 'en-AU' 'en-CA' 'en-GB' 'en-IN' 'en-XC' 'es' 'es-419' 'es-ES' 'es-US' 'et' 'eu' 'fa' 'fi' 'fr' 'fr-CA' 'gl' 'gu' 'hi' 'hr' 'hu' 'hy' 'id' 'in' 'is' 'it' 'iw' 'ja' 'ka' 'kk' 'km' 'kn' 'ko' 'ky' 'lo' 'lt' 'lv' 'mk' 'ml' 'mn' 'mr' 'ms' 'my' 'nb' 'ne' 'nl' 'or' 'pa' 'pl' 'pt' 'pt-BR' 'pt-PT' 'ro' 'ru' 'si' 'sk' 'sl' 'sq' 'sr' 'sr-Latn' 'sv' 'sw' 'ta' 'te' 'th' 'tl' 'tr' 'uk' 'ur' 'uz' 'vi' 'zh' 'zh-CN' 'zh-HK' 'zh-TW' 'zu'
[11:48:09] densities: '120' '160' '240' '320' '480' '640' '65534'
[11:48:09] native-code: 'arm64-v8a' 'armeabi-v7a'
[11:48:19] > C:\Users\Administrator\AppData\Local\Android\Sdk\build-tools\36.0.0\aapt.exe dump badging D:\apk_share\Vova-1.3.4-2026_0603_1723-debug.apk
[11:48:19] package: name='com.vova.app' versionCode='34' versionName='1.3.4' platformBuildVersionName='15' platformBuildVersionCode='35' compileSdkVersion='35' compileSdkVersionCodename='15'
[11:48:19] sdkVersion:'24'
[11:48:19] targetSdkVersion:'35'
[11:48:19] uses-permission: name='android.permission.INTERNET'
[11:48:19] uses-permission: name='android.permission.RECORD_AUDIO'
[11:48:19] uses-permission: name='android.permission.ACCESS_NETWORK_STATE'
[11:48:19] uses-permission: name='android.permission.ACCESS_WIFI_STATE'
[11:48:19] uses-permission: name='android.permission.VIBRATE'
[11:48:19] uses-permission: name='android.permission.POST_NOTIFICATIONS'
[11:48:19] uses-permission: name='android.permission.FOREGROUND_SERVICE'
[11:48:19] uses-permission: name='android.permission.FOREGROUND_SERVICE_MICROPHONE'
[11:48:19] uses-permission: name='android.permission.MODIFY_AUDIO_SETTINGS'
[11:48:19] uses-permission: name='android.permission.FLASHLIGHT'
[11:48:19] uses-permission: name='android.permission.READ_MEDIA_AUDIO'
[11:48:19] uses-permission: name='android.permission.READ_EXTERNAL_STORAGE' maxSdkVersion='32'
[11:48:19] uses-permission: name='android.permission.WRITE_EXTERNAL_STORAGE' maxSdkVersion='32'
[11:48:19] uses-permission: name='android.permission.USE_BIOMETRIC'
[11:48:19] uses-permission: name='android.permission.USE_FINGERPRINT'
[11:48:19] uses-permission: name='com.android.vending.BILLING'
[11:48:19] uses-permission: name='android.permission.WAKE_LOCK'
[11:48:19] uses-permission: name='com.google.android.finsky.permission.BIND_GET_INSTALL_REFERRER_SERVICE'
[11:48:19] uses-permission: name='android.permission.ACCESS_ADSERVICES_ATTRIBUTION'
[11:48:19] uses-permission: name='android.permission.ACCESS_ADSERVICES_AD_ID'
[11:48:19] uses-permission: name='android.permission.ACCESS_ADSERVICES_CUSTOM_AUDIENCE'
[11:48:19] uses-permission: name='android.permission.ACCESS_ADSERVICES_TOPICS'
[11:48:19] uses-permission: name='com.vova.app.DYNAMIC_RECEIVER_NOT_EXPORTED_PERMISSION'
[11:48:19] application-label:'Vova'
[11:48:19] application-label-af:'Vova'
[11:48:19] application-label-am:'Vova'
[11:48:19] application-label-ar:'Vova'
[11:48:19] application-label-as:'Vova'
[11:48:19] application-label-az:'Vova'
[11:48:19] application-label-be:'Vova'
[11:48:19] application-label-bg:'Vova'
[11:48:19] application-label-bn:'Vova'
[11:48:19] application-label-bs:'Vova'
[11:48:19] application-label-ca:'Vova'
[11:48:19] application-label-cs:'Vova'
[11:48:19] application-label-da:'Vova'
[11:48:19] application-label-de:'Vova'
[11:48:19] application-label-el:'Vova'
[11:48:19] application-label-en:'Vova'
[11:48:19] application-label-en-AU:'Vova'
[11:48:19] application-label-en-CA:'Vova'
[11:48:19] application-label-en-GB:'Vova'
[11:48:19] application-label-en-IN:'Vova'
[11:48:19] application-label-en-XC:'Vova'
[11:48:19] application-label-es:'Vova'
[11:48:19] application-label-es-419:'Vova'
[11:48:19] application-label-es-ES:'Vova'
[11:48:19] application-label-es-US:'Vova'
[11:48:19] application-label-et:'Vova'
[11:48:19] application-label-eu:'Vova'
[11:48:19] application-label-fa:'Vova'
[11:48:19] application-label-fi:'Vova'
[11:48:19] application-label-fr:'Vova'
[11:48:19] application-label-fr-CA:'Vova'
[11:48:19] application-label-gl:'Vova'
[11:48:19] application-label-gu:'Vova'
[11:48:19] application-label-hi:'Vova'
[11:48:19] application-label-hr:'Vova'
[11:48:19] application-label-hu:'Vova'
[11:48:19] application-label-hy:'Vova'
[11:48:19] application-label-id:'Vova'
[11:48:19] application-label-in:'Vova'
[11:48:19] application-label-is:'Vova'
[11:48:19] application-label-it:'Vova'
[11:48:19] application-label-iw:'Vova'
[11:48:19] application-label-ja:'Vova'
[11:48:19] application-label-ka:'Vova'
[11:48:19] application-label-kk:'Vova'
[11:48:19] application-label-km:'Vova'
[11:48:19] application-label-kn:'Vova'
[11:48:19] application-label-ko:'Vova'
[11:48:19] application-label-ky:'Vova'
[11:48:19] application-label-lo:'Vova'
[11:48:19] application-label-lt:'Vova'
[11:48:19] application-label-lv:'Vova'
[11:48:19] application-label-mk:'Vova'
[11:48:19] application-label-ml:'Vova'
[11:48:19] application-label-mn:'Vova'
[11:48:19] application-label-mr:'Vova'
[11:48:19] application-label-ms:'Vova'
[11:48:19] application-label-my:'Vova'
[11:48:19] application-label-nb:'Vova'
[11:48:19] application-label-ne:'Vova'
[11:48:19] application-label-nl:'Vova'
[11:48:19] application-label-or:'Vova'
[11:48:19] application-label-pa:'Vova'
[11:48:19] application-label-pl:'Vova'
[11:48:19] application-label-pt:'Vova'
[11:48:19] application-label-pt-BR:'Vova'
[11:48:19] application-label-pt-PT:'Vova'
[11:48:19] application-label-ro:'Vova'
[11:48:19] application-label-ru:'Vova'
[11:48:19] application-label-si:'Vova'
[11:48:19] application-label-sk:'Vova'
[11:48:19] application-label-sl:'Vova'
[11:48:19] application-label-sq:'Vova'
[11:48:19] application-label-sr:'Vova'
[11:48:19] application-label-sr-Latn:'Vova'
[11:48:19] application-label-sv:'Vova'
[11:48:19] application-label-sw:'Vova'
[11:48:19] application-label-ta:'Vova'
[11:48:19] application-label-te:'Vova'
[11:48:19] application-label-th:'Vova'
[11:48:19] application-label-tl:'Vova'
[11:48:19] application-label-tr:'Vova'
[11:48:19] application-label-uk:'Vova'
[11:48:19] application-label-ur:'Vova'
[11:48:19] application-label-uz:'Vova'
[11:48:19] application-label-vi:'Vova'
[11:48:19] application-label-zh:'Vova'
[11:48:19] application-label-zh-CN:'Vova'
[11:48:19] application-label-zh-HK:'Vova'
[11:48:19] application-label-zh-TW:'Vova'
[11:48:19] application-label-zu:'Vova'
[11:48:19] application-icon-120:'res/mipmap-mdpi-v4/ic_launcher.webp'
[11:48:19] application-icon-160:'res/mipmap-mdpi-v4/ic_launcher.webp'
[11:48:19] application-icon-240:'res/mipmap-hdpi-v4/ic_launcher.webp'
[11:48:19] application-icon-320:'res/mipmap-xhdpi-v4/ic_launcher.webp'
[11:48:19] application-icon-480:'res/mipmap-xxhdpi-v4/ic_launcher.webp'
[11:48:19] application-icon-640:'res/mipmap-xxxhdpi-v4/ic_launcher.webp'
[11:48:19] application-icon-65534:'res/mipmap-mdpi-v4/ic_launcher.webp'
[11:48:19] application: label='Vova' icon='res/mipmap-mdpi-v4/ic_launcher.webp'
[11:48:19] application-debuggable
[11:48:19] launchable-activity: name='com.vova.app.ui.LauncherActivity'  label='' icon=''
[11:48:19] uses-library-not-required:'android.ext.adservices'
[11:48:19] feature-group: label=''
[11:48:19]   uses-feature-not-required: name='android.hardware.camera'
[11:48:19]   uses-feature: name='android.hardware.faketouch'
[11:48:19]   uses-implied-feature: name='android.hardware.faketouch' reason='default feature for all apps'
[11:48:19]   uses-feature: name='android.hardware.microphone'
[11:48:19]   uses-implied-feature: name='android.hardware.microphone' reason='requested android.permission.RECORD_AUDIO permission'
[11:48:19]   uses-feature: name='android.hardware.screen.portrait'
[11:48:19]   uses-implied-feature: name='android.hardware.screen.portrait' reason='one or more activities have specified a portrait orientation'
[11:48:19]   uses-feature: name='android.hardware.wifi'
[11:48:19]   uses-implied-feature: name='android.hardware.wifi' reason='requested android.permission.ACCESS_WIFI_STATE permission'
[11:48:19] main
[11:48:19] other-activities
[11:48:19] other-receivers
[11:48:19] other-services
[11:48:19] supports-screens: 'small' 'normal' 'large' 'xlarge'
[11:48:19] supports-any-density: 'true'
[11:48:19] locales: '--_--' 'af' 'am' 'ar' 'as' 'az' 'be' 'bg' 'bn' 'bs' 'ca' 'cs' 'da' 'de' 'el' 'en' 'en-AU' 'en-CA' 'en-GB' 'en-IN' 'en-XC' 'es' 'es-419' 'es-ES' 'es-US' 'et' 'eu' 'fa' 'fi' 'fr' 'fr-CA' 'gl' 'gu' 'hi' 'hr' 'hu' 'hy' 'id' 'in' 'is' 'it' 'iw' 'ja' 'ka' 'kk' 'km' 'kn' 'ko' 'ky' 'lo' 'lt' 'lv' 'mk' 'ml' 'mn' 'mr' 'ms' 'my' 'nb' 'ne' 'nl' 'or' 'pa' 'pl' 'pt' 'pt-BR' 'pt-PT' 'ro' 'ru' 'si' 'sk' 'sl' 'sq' 'sr' 'sr-Latn' 'sv' 'sw' 'ta' 'te' 'th' 'tl' 'tr' 'uk' 'ur' 'uz' 'vi' 'zh' 'zh-CN' 'zh-HK' 'zh-TW' 'zu'
[11:48:19] densities: '120' '160' '240' '320' '480' '640' '65534'
[11:48:19] native-code: 'arm64-v8a' 'armeabi-v7a'
[11:48:21] > C:\Users\Administrator\AppData\Local\Android\Sdk\build-tools\36.0.0\aapt.exe dump badging D:\apk_share\Vova-1.3.4-2026_0608_1134-release.apk
[11:48:21] package: name='com.vova.app' versionCode='34' versionName='1.3.4' platformBuildVersionName='15' platformBuildVersionCode='35' compileSdkVersion='35' compileSdkVersionCodename='15'
[11:48:21] sdkVersion:'24'
[11:48:21] targetSdkVersion:'35'
[11:48:21] uses-permission: name='android.permission.INTERNET'
[11:48:21] uses-permission: name='android.permission.RECORD_AUDIO'
[11:48:21] uses-permission: name='android.permission.ACCESS_NETWORK_STATE'
[11:48:21] uses-permission: name='android.permission.ACCESS_WIFI_STATE'
[11:48:21] uses-permission: name='android.permission.VIBRATE'
[11:48:21] uses-permission: name='android.permission.POST_NOTIFICATIONS'
[11:48:21] uses-permission: name='android.permission.FOREGROUND_SERVICE'
[11:48:21] uses-permission: name='android.permission.FOREGROUND_SERVICE_MICROPHONE'
[11:48:21] uses-permission: name='android.permission.MODIFY_AUDIO_SETTINGS'
[11:48:21] uses-permission: name='android.permission.FLASHLIGHT'
[11:48:21] uses-permission: name='android.permission.READ_MEDIA_AUDIO'
[11:48:21] uses-permission: name='android.permission.READ_EXTERNAL_STORAGE' maxSdkVersion='32'
[11:48:21] uses-permission: name='android.permission.WRITE_EXTERNAL_STORAGE' maxSdkVersion='32'
[11:48:21] uses-permission: name='android.permission.USE_BIOMETRIC'
[11:48:21] uses-permission: name='android.permission.USE_FINGERPRINT'
[11:48:21] uses-permission: name='com.android.vending.BILLING'
[11:48:21] uses-permission: name='android.permission.WAKE_LOCK'
[11:48:21] uses-permission: name='com.google.android.finsky.permission.BIND_GET_INSTALL_REFERRER_SERVICE'
[11:48:21] uses-permission: name='android.permission.ACCESS_ADSERVICES_ATTRIBUTION'
[11:48:21] uses-permission: name='android.permission.ACCESS_ADSERVICES_AD_ID'
[11:48:21] uses-permission: name='android.permission.ACCESS_ADSERVICES_CUSTOM_AUDIENCE'
[11:48:21] uses-permission: name='android.permission.ACCESS_ADSERVICES_TOPICS'
[11:48:21] uses-permission: name='com.vova.app.DYNAMIC_RECEIVER_NOT_EXPORTED_PERMISSION'
[11:48:21] application-label:'Vova'
[11:48:21] application-label-af:'Vova'
[11:48:21] application-label-am:'Vova'
[11:48:21] application-label-ar:'Vova'
[11:48:21] application-label-as:'Vova'
[11:48:21] application-label-az:'Vova'
[11:48:21] application-label-be:'Vova'
[11:48:21] application-label-bg:'Vova'
[11:48:21] application-label-bn:'Vova'
[11:48:21] application-label-bs:'Vova'
[11:48:21] application-label-ca:'Vova'
[11:48:21] application-label-cs:'Vova'
[11:48:21] application-label-da:'Vova'
[11:48:21] application-label-de:'Vova'
[11:48:21] application-label-el:'Vova'
[11:48:21] application-label-en-AU:'Vova'
[11:48:21] application-label-en-CA:'Vova'
[11:48:21] application-label-en-GB:'Vova'
[11:48:21] application-label-en-IN:'Vova'
[11:48:21] application-label-en-XC:'Vova'
[11:48:21] application-label-es:'Vova'
[11:48:21] application-label-es-419:'Vova'
[11:48:21] application-label-es-ES:'Vova'
[11:48:21] application-label-es-US:'Vova'
[11:48:21] application-label-et:'Vova'
[11:48:21] application-label-eu:'Vova'
[11:48:21] application-label-fa:'Vova'
[11:48:21] application-label-fi:'Vova'
[11:48:21] application-label-fr:'Vova'
[11:48:21] application-label-fr-CA:'Vova'
[11:48:21] application-label-gl:'Vova'
[11:48:21] application-label-gu:'Vova'
[11:48:21] application-label-hi:'Vova'
[11:48:21] application-label-hr:'Vova'
[11:48:21] application-label-hu:'Vova'
[11:48:21] application-label-hy:'Vova'
[11:48:21] application-label-id:'Vova'
[11:48:21] application-label-in:'Vova'
[11:48:21] application-label-is:'Vova'
[11:48:21] application-label-it:'Vova'
[11:48:21] application-label-iw:'Vova'
[11:48:21] application-label-ja:'Vova'
[11:48:21] application-label-ka:'Vova'
[11:48:21] application-label-kk:'Vova'
[11:48:21] application-label-km:'Vova'
[11:48:21] application-label-kn:'Vova'
[11:48:21] application-label-ko:'Vova'
[11:48:21] application-label-ky:'Vova'
[11:48:21] application-label-lo:'Vova'
[11:48:21] application-label-lt:'Vova'
[11:48:21] application-label-lv:'Vova'
[11:48:21] application-label-mk:'Vova'
[11:48:21] application-label-ml:'Vova'
[11:48:21] application-label-mn:'Vova'
[11:48:21] application-label-mr:'Vova'
[11:48:21] application-label-ms:'Vova'
[11:48:21] application-label-my:'Vova'
[11:48:21] application-label-nb:'Vova'
[11:48:21] application-label-ne:'Vova'
[11:48:21] application-label-nl:'Vova'
[11:48:21] application-label-or:'Vova'
[11:48:21] application-label-pa:'Vova'
[11:48:21] application-label-pl:'Vova'
[11:48:21] application-label-pt:'Vova'
[11:48:21] application-label-pt-BR:'Vova'
[11:48:22] application-label-pt-PT:'Vova'
[11:48:22] application-label-ro:'Vova'
[11:48:22] application-label-ru:'Vova'
[11:48:22] application-label-si:'Vova'
[11:48:22] application-label-sk:'Vova'
[11:48:22] application-label-sl:'Vova'
[11:48:22] application-label-sq:'Vova'
[11:48:22] application-label-sr:'Vova'
[11:48:22] application-label-sr-Latn:'Vova'
[11:48:22] application-label-sv:'Vova'
[11:48:22] application-label-sw:'Vova'
[11:48:22] application-label-ta:'Vova'
[11:48:22] application-label-te:'Vova'
[11:48:22] application-label-th:'Vova'
[11:48:22] application-label-tl:'Vova'
[11:48:22] application-label-tr:'Vova'
[11:48:22] application-label-uk:'Vova'
[11:48:22] application-label-ur:'Vova'
[11:48:22] application-label-uz:'Vova'
[11:48:22] application-label-vi:'Vova'
[11:48:22] application-label-zh:'Vova'
[11:48:22] application-label-zh-CN:'Vova'
[11:48:22] application-label-zh-HK:'Vova'
[11:48:22] application-label-zh-TW:'Vova'
[11:48:22] application-label-zu:'Vova'
[11:48:22] application-icon-120:'res/d2.webp'
[11:48:22] application-icon-160:'res/d2.webp'
[11:48:22] application-icon-240:'res/MO.webp'
[11:48:22] application-icon-320:'res/qs.webp'
[11:48:22] application-icon-480:'res/Sn.webp'
[11:48:22] application-icon-640:'res/sK.webp'
[11:48:22] application-icon-65534:'res/d2.webp'
[11:48:22] application: label='Vova' icon='res/d2.webp'
[11:48:22] launchable-activity: name='com.vova.app.ui.LauncherActivity'  label='' icon=''
[11:48:22] uses-library-not-required:'android.ext.adservices'
[11:48:22] feature-group: label=''
[11:48:22]   uses-feature-not-required: name='android.hardware.camera'
[11:48:22]   uses-feature: name='android.hardware.faketouch'
[11:48:22]   uses-implied-feature: name='android.hardware.faketouch' reason='default feature for all apps'
[11:48:22]   uses-feature: name='android.hardware.microphone'
[11:48:22]   uses-implied-feature: name='android.hardware.microphone' reason='requested android.permission.RECORD_AUDIO permission'
[11:48:22]   uses-feature: name='android.hardware.screen.portrait'
[11:48:22]   uses-implied-feature: name='android.hardware.screen.portrait' reason='one or more activities have specified a portrait orientation'
[11:48:22]   uses-feature: name='android.hardware.wifi'
[11:48:22]   uses-implied-feature: name='android.hardware.wifi' reason='requested android.permission.ACCESS_WIFI_STATE permission'
[11:48:22] main
[11:48:22] other-activities
[11:48:22] other-receivers
[11:48:22] other-services
[11:48:22] supports-screens: 'small' 'normal' 'large' 'xlarge'
[11:48:22] supports-any-density: 'true'
[11:48:22] locales: '--_--' 'af' 'am' 'ar' 'as' 'az' 'be' 'bg' 'bn' 'bs' 'ca' 'cs' 'da' 'de' 'el' 'en-AU' 'en-CA' 'en-GB' 'en-IN' 'en-XC' 'es' 'es-419' 'es-ES' 'es-US' 'et' 'eu' 'fa' 'fi' 'fr' 'fr-CA' 'gl' 'gu' 'hi' 'hr' 'hu' 'hy' 'id' 'in' 'is' 'it' 'iw' 'ja' 'ka' 'kk' 'km' 'kn' 'ko' 'ky' 'lo' 'lt' 'lv' 'mk' 'ml' 'mn' 'mr' 'ms' 'my' 'nb' 'ne' 'nl' 'or' 'pa' 'pl' 'pt' 'pt-BR' 'pt-PT' 'ro' 'ru' 'si' 'sk' 'sl' 'sq' 'sr' 'sr-Latn' 'sv' 'sw' 'ta' 'te' 'th' 'tl' 'tr' 'uk' 'ur' 'uz' 'vi' 'zh' 'zh-CN' 'zh-HK' 'zh-TW' 'zu'
[11:48:22] densities: '120' '160' '240' '320' '480' '640' '65534'
[11:48:22] native-code: 'arm64-v8a' 'armeabi-v7a'
[11:48:24] > C:\Users\Administrator\AppData\Local\Android\Sdk\build-tools\36.0.0\aapt.exe dump badging D:\apk_share\Vova-1.3.4-2026_0605_1126-debug.apk
[11:48:24] package: name='com.vova.app' versionCode='34' versionName='1.3.4' platformBuildVersionName='15' platformBuildVersionCode='35' compileSdkVersion='35' compileSdkVersionCodename='15'
[11:48:24] sdkVersion:'24'
[11:48:24] targetSdkVersion:'35'
[11:48:24] uses-permission: name='android.permission.INTERNET'
[11:48:24] uses-permission: name='android.permission.RECORD_AUDIO'
[11:48:24] uses-permission: name='android.permission.ACCESS_NETWORK_STATE'
[11:48:24] uses-permission: name='android.permission.ACCESS_WIFI_STATE'
[11:48:24] uses-permission: name='android.permission.VIBRATE'
[11:48:24] uses-permission: name='android.permission.POST_NOTIFICATIONS'
[11:48:24] uses-permission: name='android.permission.FOREGROUND_SERVICE'
[11:48:24] uses-permission: name='android.permission.FOREGROUND_SERVICE_MICROPHONE'
[11:48:24] uses-permission: name='android.permission.MODIFY_AUDIO_SETTINGS'
[11:48:24] uses-permission: name='android.permission.FLASHLIGHT'
[11:48:24] uses-permission: name='android.permission.READ_MEDIA_AUDIO'
[11:48:24] uses-permission: name='android.permission.READ_EXTERNAL_STORAGE' maxSdkVersion='32'
[11:48:24] uses-permission: name='android.permission.WRITE_EXTERNAL_STORAGE' maxSdkVersion='32'
[11:48:24] uses-permission: name='android.permission.USE_BIOMETRIC'
[11:48:24] uses-permission: name='android.permission.USE_FINGERPRINT'
[11:48:24] uses-permission: name='com.android.vending.BILLING'
[11:48:24] uses-permission: name='android.permission.WAKE_LOCK'
[11:48:24] uses-permission: name='com.google.android.finsky.permission.BIND_GET_INSTALL_REFERRER_SERVICE'
[11:48:24] uses-permission: name='android.permission.ACCESS_ADSERVICES_ATTRIBUTION'
[11:48:24] uses-permission: name='android.permission.ACCESS_ADSERVICES_AD_ID'
[11:48:24] uses-permission: name='android.permission.ACCESS_ADSERVICES_CUSTOM_AUDIENCE'
[11:48:24] uses-permission: name='android.permission.ACCESS_ADSERVICES_TOPICS'
[11:48:24] uses-permission: name='com.vova.app.DYNAMIC_RECEIVER_NOT_EXPORTED_PERMISSION'
[11:48:24] application-label:'Vova'
[11:48:24] application-label-af:'Vova'
[11:48:24] application-label-am:'Vova'
[11:48:24] application-label-ar:'Vova'
[11:48:24] application-label-as:'Vova'
[11:48:24] application-label-az:'Vova'
[11:48:24] application-label-be:'Vova'
[11:48:24] application-label-bg:'Vova'
[11:48:24] application-label-bn:'Vova'
[11:48:24] application-label-bs:'Vova'
[11:48:24] application-label-ca:'Vova'
[11:48:24] application-label-cs:'Vova'
[11:48:24] application-label-da:'Vova'
[11:48:24] application-label-de:'Vova'
[11:48:24] application-label-el:'Vova'
[11:48:24] application-label-en:'Vova'
[11:48:24] application-label-en-AU:'Vova'
[11:48:24] application-label-en-CA:'Vova'
[11:48:24] application-label-en-GB:'Vova'
[11:48:24] application-label-en-IN:'Vova'
[11:48:24] application-label-en-XC:'Vova'
[11:48:24] application-label-es:'Vova'
[11:48:24] application-label-es-419:'Vova'
[11:48:24] application-label-es-ES:'Vova'
[11:48:24] application-label-es-US:'Vova'
[11:48:24] application-label-et:'Vova'
[11:48:24] application-label-eu:'Vova'
[11:48:24] application-label-fa:'Vova'
[11:48:24] application-label-fi:'Vova'
[11:48:24] application-label-fr:'Vova'
[11:48:24] application-label-fr-CA:'Vova'
[11:48:24] application-label-gl:'Vova'
[11:48:24] application-label-gu:'Vova'
[11:48:24] application-label-hi:'Vova'
[11:48:24] application-label-hr:'Vova'
[11:48:24] application-label-hu:'Vova'
[11:48:24] application-label-hy:'Vova'
[11:48:24] application-label-id:'Vova'
[11:48:24] application-label-in:'Vova'
[11:48:24] application-label-is:'Vova'
[11:48:24] application-label-it:'Vova'
[11:48:24] application-label-iw:'Vova'
[11:48:24] application-label-ja:'Vova'
[11:48:24] application-label-ka:'Vova'
[11:48:24] application-label-kk:'Vova'
[11:48:24] application-label-km:'Vova'
[11:48:24] application-label-kn:'Vova'
[11:48:24] application-label-ko:'Vova'
[11:48:24] application-label-ky:'Vova'
[11:48:24] application-label-lo:'Vova'
[11:48:24] application-label-lt:'Vova'
[11:48:24] application-label-lv:'Vova'
[11:48:24] application-label-mk:'Vova'
[11:48:24] application-label-ml:'Vova'
[11:48:24] application-label-mn:'Vova'
[11:48:24] application-label-mr:'Vova'
[11:48:24] application-label-ms:'Vova'
[11:48:24] application-label-my:'Vova'
[11:48:24] application-label-nb:'Vova'
[11:48:24] application-label-ne:'Vova'
[11:48:24] application-label-nl:'Vova'
[11:48:24] application-label-or:'Vova'
[11:48:24] application-label-pa:'Vova'
[11:48:24] application-label-pl:'Vova'
[11:48:24] application-label-pt:'Vova'
[11:48:24] application-label-pt-BR:'Vova'
[11:48:24] application-label-pt-PT:'Vova'
[11:48:24] application-label-ro:'Vova'
[11:48:24] application-label-ru:'Vova'
[11:48:24] application-label-si:'Vova'
[11:48:24] application-label-sk:'Vova'
[11:48:24] application-label-sl:'Vova'
[11:48:24] application-label-sq:'Vova'
[11:48:24] application-label-sr:'Vova'
[11:48:24] application-label-sr-Latn:'Vova'
[11:48:24] application-label-sv:'Vova'
[11:48:24] application-label-sw:'Vova'
[11:48:24] application-label-ta:'Vova'
[11:48:24] application-label-te:'Vova'
[11:48:24] application-label-th:'Vova'
[11:48:24] application-label-tl:'Vova'
[11:48:24] application-label-tr:'Vova'
[11:48:24] application-label-uk:'Vova'
[11:48:24] application-label-ur:'Vova'
[11:48:24] application-label-uz:'Vova'
[11:48:24] application-label-vi:'Vova'
[11:48:24] application-label-zh:'Vova'
[11:48:24] application-label-zh-CN:'Vova'
[11:48:24] application-label-zh-HK:'Vova'
[11:48:24] application-label-zh-TW:'Vova'
[11:48:24] application-label-zu:'Vova'
[11:48:24] application-icon-120:'res/mipmap-mdpi-v4/ic_launcher.webp'
[11:48:24] application-icon-160:'res/mipmap-mdpi-v4/ic_launcher.webp'
[11:48:24] application-icon-240:'res/mipmap-hdpi-v4/ic_launcher.webp'
[11:48:24] application-icon-320:'res/mipmap-xhdpi-v4/ic_launcher.webp'
[11:48:24] application-icon-480:'res/mipmap-xxhdpi-v4/ic_launcher.webp'
[11:48:24] application-icon-640:'res/mipmap-xxxhdpi-v4/ic_launcher.webp'
[11:48:24] application-icon-65534:'res/mipmap-mdpi-v4/ic_launcher.webp'
[11:48:24] application: label='Vova' icon='res/mipmap-mdpi-v4/ic_launcher.webp'
[11:48:24] application-debuggable
[11:48:24] launchable-activity: name='com.vova.app.ui.LauncherActivity'  label='' icon=''
[11:48:24] uses-library-not-required:'android.ext.adservices'
[11:48:24] feature-group: label=''
[11:48:24]   uses-feature-not-required: name='android.hardware.camera'
[11:48:24]   uses-feature: name='android.hardware.faketouch'
[11:48:24]   uses-implied-feature: name='android.hardware.faketouch' reason='default feature for all apps'
[11:48:24]   uses-feature: name='android.hardware.microphone'
[11:48:24]   uses-implied-feature: name='android.hardware.microphone' reason='requested android.permission.RECORD_AUDIO permission'
[11:48:24]   uses-feature: name='android.hardware.screen.portrait'
[11:48:24]   uses-implied-feature: name='android.hardware.screen.portrait' reason='one or more activities have specified a portrait orientation'
[11:48:24]   uses-feature: name='android.hardware.wifi'
[11:48:24]   uses-implied-feature: name='android.hardware.wifi' reason='requested android.permission.ACCESS_WIFI_STATE permission'
[11:48:24] main
[11:48:24] other-activities
[11:48:24] other-receivers
[11:48:24] other-services
[11:48:24] supports-screens: 'small' 'normal' 'large' 'xlarge'
[11:48:24] supports-any-density: 'true'
[11:48:24] locales: '--_--' 'af' 'am' 'ar' 'as' 'az' 'be' 'bg' 'bn' 'bs' 'ca' 'cs' 'da' 'de' 'el' 'en' 'en-AU' 'en-CA' 'en-GB' 'en-IN' 'en-XC' 'es' 'es-419' 'es-ES' 'es-US' 'et' 'eu' 'fa' 'fi' 'fr' 'fr-CA' 'gl' 'gu' 'hi' 'hr' 'hu' 'hy' 'id' 'in' 'is' 'it' 'iw' 'ja' 'ka' 'kk' 'km' 'kn' 'ko' 'ky' 'lo' 'lt' 'lv' 'mk' 'ml' 'mn' 'mr' 'ms' 'my' 'nb' 'ne' 'nl' 'or' 'pa' 'pl' 'pt' 'pt-BR' 'pt-PT' 'ro' 'ru' 'si' 'sk' 'sl' 'sq' 'sr' 'sr-Latn' 'sv' 'sw' 'ta' 'te' 'th' 'tl' 'tr' 'uk' 'ur' 'uz' 'vi' 'zh' 'zh-CN' 'zh-HK' 'zh-TW' 'zu'
[11:48:24] densities: '120' '160' '240' '320' '480' '640' '65534'
[11:48:24] native-code: 'arm64-v8a' 'armeabi-v7a'
[11:48:28] 刷新设备...
[11:48:28] > C:\Users\Administrator\AppData\Local\Android\Sdk\platform-tools\adb.exe devices -l
[11:48:28] > C:\Users\Administrator\AppData\Local\Android\Sdk\platform-tools\adb.exe -s BIG6WODMPVAEHADU shell getprop ro.product.manufacturer
[11:48:28] > C:\Users\Administrator\AppData\Local\Android\Sdk\platform-tools\adb.exe -s BIG6WODMPVAEHADU shell getprop ro.build.version.release
[11:48:28] > C:\Users\Administrator\AppData\Local\Android\Sdk\platform-tools\adb.exe -s VBJDU19521002427 shell getprop ro.product.manufacturer
[11:48:28] > C:\Users\Administrator\AppData\Local\Android\Sdk\platform-tools\adb.exe -s VBJDU19521002427 shell getprop ro.build.version.release
[11:48:28] > C:\Users\Administrator\AppData\Local\Android\Sdk\platform-tools\adb.exe -s 127.0.0.1:5555 shell getprop ro.product.manufacturer
[11:48:28] > C:\Users\Administrator\AppData\Local\Android\Sdk\platform-tools\adb.exe -s 127.0.0.1:5555 shell getprop ro.build.version.release
[11:48:28] List of devices attached
[11:48:28] BIG6WODMPVAEHADU       device product:PD1986 model:V1986A device:PD1986 transport_id:5
[11:48:28] VBJDU19521002427       device product:COL-AL10 model:COL_AL10 device:HWCOL transport_id:4
[11:48:28] 127.0.0.1:5555         device product:PD2241 model:V2241A device:PD2241 transport_id:1
[11:48:28] 
[11:48:28] vivo
[11:48:28] 12
[11:48:28] HUAWEI
[11:48:28] 10
[11:48:28] vivo
[11:48:28] 12
[11:48:30] 刷新设备...
[11:48:30] > C:\Users\Administrator\AppData\Local\Android\Sdk\platform-tools\adb.exe devices -l
[11:48:30] > C:\Users\Administrator\AppData\Local\Android\Sdk\platform-tools\adb.exe -s BIG6WODMPVAEHADU shell getprop ro.product.manufacturer
[11:48:30] > C:\Users\Administrator\AppData\Local\Android\Sdk\platform-tools\adb.exe -s BIG6WODMPVAEHADU shell getprop ro.build.version.release
[11:48:30] > C:\Users\Administrator\AppData\Local\Android\Sdk\platform-tools\adb.exe -s VBJDU19521002427 shell getprop ro.product.manufacturer
[11:48:30] > C:\Users\Administrator\AppData\Local\Android\Sdk\platform-tools\adb.exe -s VBJDU19521002427 shell getprop ro.build.version.release
[11:48:30] > C:\Users\Administrator\AppData\Local\Android\Sdk\platform-tools\adb.exe -s 127.0.0.1:5555 shell getprop ro.product.manufacturer
[11:48:30] > C:\Users\Administrator\AppData\Local\Android\Sdk\platform-tools\adb.exe -s 127.0.0.1:5555 shell getprop ro.build.version.release
[11:48:30] List of devices attached
[11:48:30] BIG6WODMPVAEHADU       device product:PD1986 model:V1986A device:PD1986 transport_id:5
[11:48:30] VBJDU19521002427       device product:COL-AL10 model:COL_AL10 device:HWCOL transport_id:4
[11:48:30] 127.0.0.1:5555         device product:PD2241 model:V2241A device:PD2241 transport_id:1
[11:48:30] 
[11:48:30] vivo
[11:48:30] 12
[11:48:30] HUAWEI
[11:48:30] 10
[11:48:30] vivo
[11:48:30] 12
[11:48:32] 刷新设备...
[11:48:32] > C:\Users\Administrator\AppData\Local\Android\Sdk\platform-tools\adb.exe devices -l
[11:48:32] > C:\Users\Administrator\AppData\Local\Android\Sdk\platform-tools\adb.exe -s BIG6WODMPVAEHADU shell getprop ro.product.manufacturer
[11:48:32] > C:\Users\Administrator\AppData\Local\Android\Sdk\platform-tools\adb.exe -s BIG6WODMPVAEHADU shell getprop ro.build.version.release
[11:48:32] > C:\Users\Administrator\AppData\Local\Android\Sdk\platform-tools\adb.exe -s VBJDU19521002427 shell getprop ro.product.manufacturer
[11:48:32] > C:\Users\Administrator\AppData\Local\Android\Sdk\platform-tools\adb.exe -s VBJDU19521002427 shell getprop ro.build.version.release
[11:48:32] > C:\Users\Administrator\AppData\Local\Android\Sdk\platform-tools\adb.exe -s 127.0.0.1:5555 shell getprop ro.product.manufacturer
[11:48:32] > C:\Users\Administrator\AppData\Local\Android\Sdk\platform-tools\adb.exe -s 127.0.0.1:5555 shell getprop ro.build.version.release
[11:48:32] List of devices attached
[11:48:32] BIG6WODMPVAEHADU       device product:PD1986 model:V1986A device:PD1986 transport_id:5
[11:48:32] VBJDU19521002427       device product:COL-AL10 model:COL_AL10 device:HWCOL transport_id:4
[11:48:32] 127.0.0.1:5555         device product:PD2241 model:V2241A device:PD2241 transport_id:1
[11:48:32] 
[11:48:32] vivo
[11:48:32] 12
[11:48:32] HUAWEI
[11:48:32] 10
[11:48:32] vivo
[11:48:32] 12
[11:48:41] 开始执行，APK：D:\apk_share\Vova-1.3.4-2026_0605_1126-debug.apk
[11:48:41] [1/3] 处理设备：vivo V1986A | BIG6WODMPVAEHADU | device | Android 12 | device:PD1986 | product:PD1986
[11:48:41] 卸载应用：com.vova.app
[11:48:41] > C:\Users\Administrator\AppData\Local\Android\Sdk\platform-tools\adb.exe -s BIG6WODMPVAEHADU uninstall com.vova.app
[11:48:41] Success
[11:48:41] 卸载成功。
[11:48:41] [2/3] 处理设备：HUAWEI COL_AL10 | VBJDU19521002427 | device | Android 10 | device:HWCOL | product:COL-AL10
[11:48:41] 卸载应用：com.vova.app
[11:48:41] > C:\Users\Administrator\AppData\Local\Android\Sdk\platform-tools\adb.exe -s VBJDU19521002427 uninstall com.vova.app
[11:48:43] Success
[11:48:43] 卸载成功。
[11:48:43] [3/3] 处理设备：vivo V2241A | 127.0.0.1:5555 | device | Android 12 | device:PD2241 | product:PD2241
[11:48:43] 卸载应用：com.vova.app
[11:48:43] > C:\Users\Administrator\AppData\Local\Android\Sdk\platform-tools\adb.exe -s 127.0.0.1:5555 uninstall com.vova.app
[11:48:44] Success
[11:48:44] 卸载成功。
[11:48:44] 执行完成：成功 3，失败 0，跳过 0
