[15:34:37] > C:\Users\Administrator\AppData\Local\Android\Sdk\build-tools\36.0.0\aapt.exe dump badging D:\AndroidProject\Vova\app\build\intermediates\apk\debug\Vova-1.3.4-2026_0608_1416-debug.apk
[15:34:37] package: name='com.vova.app' versionCode='34' versionName='1.3.4' platformBuildVersionName='15' platformBuildVersionCode='35' compileSdkVersion='35' compileSdkVersionCodename='15'
[15:34:37] sdkVersion:'24'
[15:34:37] targetSdkVersion:'35'
[15:34:37] uses-permission: name='android.permission.INTERNET'
[15:34:37] uses-permission: name='android.permission.RECORD_AUDIO'
[15:34:37] uses-permission: name='android.permission.ACCESS_NETWORK_STATE'
[15:34:37] uses-permission: name='android.permission.ACCESS_WIFI_STATE'
[15:34:37] uses-permission: name='android.permission.VIBRATE'
[15:34:37] uses-permission: name='android.permission.POST_NOTIFICATIONS'
[15:34:37] uses-permission: name='android.permission.FOREGROUND_SERVICE'
[15:34:37] uses-permission: name='android.permission.FOREGROUND_SERVICE_MICROPHONE'
[15:34:37] uses-permission: name='android.permission.MODIFY_AUDIO_SETTINGS'
[15:34:37] uses-permission: name='android.permission.FLASHLIGHT'
[15:34:37] uses-permission: name='android.permission.READ_MEDIA_AUDIO'
[15:34:37] uses-permission: name='android.permission.READ_EXTERNAL_STORAGE' maxSdkVersion='32'
[15:34:37] uses-permission: name='android.permission.WRITE_EXTERNAL_STORAGE' maxSdkVersion='32'
[15:34:37] uses-permission: name='android.permission.USE_BIOMETRIC'
[15:34:37] uses-permission: name='android.permission.USE_FINGERPRINT'
[15:34:37] uses-permission: name='com.android.vending.BILLING'
[15:34:37] uses-permission: name='android.permission.WAKE_LOCK'
[15:34:37] uses-permission: name='com.google.android.finsky.permission.BIND_GET_INSTALL_REFERRER_SERVICE'
[15:34:37] uses-permission: name='android.permission.ACCESS_ADSERVICES_ATTRIBUTION'
[15:34:37] uses-permission: name='android.permission.ACCESS_ADSERVICES_AD_ID'
[15:34:37] uses-permission: name='android.permission.ACCESS_ADSERVICES_CUSTOM_AUDIENCE'
[15:34:37] uses-permission: name='android.permission.ACCESS_ADSERVICES_TOPICS'
[15:34:37] uses-permission: name='com.vova.app.DYNAMIC_RECEIVER_NOT_EXPORTED_PERMISSION'
[15:34:37] application-label:'Vova'
[15:34:37] application-label-af:'Vova'
[15:34:37] application-label-am:'Vova'
[15:34:37] application-label-ar:'Vova'
[15:34:37] application-label-as:'Vova'
[15:34:37] application-label-az:'Vova'
[15:34:37] application-label-be:'Vova'
[15:34:37] application-label-bg:'Vova'
[15:34:37] application-label-bn:'Vova'
[15:34:37] application-label-bs:'Vova'
[15:34:37] application-label-ca:'Vova'
[15:34:37] application-label-cs:'Vova'
[15:34:37] application-label-da:'Vova'
[15:34:37] application-label-de:'Vova'
[15:34:37] application-label-el:'Vova'
[15:34:37] application-label-en:'Vova'
[15:34:37] application-label-en-AU:'Vova'
[15:34:37] application-label-en-CA:'Vova'
[15:34:37] application-label-en-GB:'Vova'
[15:34:37] application-label-en-IN:'Vova'
[15:34:37] application-label-en-XC:'Vova'
[15:34:37] application-label-es:'Vova'
[15:34:37] application-label-es-419:'Vova'
[15:34:37] application-label-es-ES:'Vova'
[15:34:37] application-label-es-US:'Vova'
[15:34:37] application-label-et:'Vova'
[15:34:37] application-label-eu:'Vova'
[15:34:37] application-label-fa:'Vova'
[15:34:37] application-label-fi:'Vova'
[15:34:37] application-label-fr:'Vova'
[15:34:37] application-label-fr-CA:'Vova'
[15:34:37] application-label-gl:'Vova'
[15:34:37] application-label-gu:'Vova'
[15:34:37] application-label-hi:'Vova'
[15:34:37] application-label-hr:'Vova'
[15:34:37] application-label-hu:'Vova'
[15:34:37] application-label-hy:'Vova'
[15:34:37] application-label-id:'Vova'
[15:34:37] application-label-in:'Vova'
[15:34:37] application-label-is:'Vova'
[15:34:37] application-label-it:'Vova'
[15:34:37] application-label-iw:'Vova'
[15:34:37] application-label-ja:'Vova'
[15:34:37] application-label-ka:'Vova'
[15:34:37] application-label-kk:'Vova'
[15:34:37] application-label-km:'Vova'
[15:34:37] application-label-kn:'Vova'
[15:34:37] application-label-ko:'Vova'
[15:34:37] application-label-ky:'Vova'
[15:34:37] application-label-lo:'Vova'
[15:34:37] application-label-lt:'Vova'
[15:34:37] application-label-lv:'Vova'
[15:34:37] application-label-mk:'Vova'
[15:34:37] application-label-ml:'Vova'
[15:34:37] application-label-mn:'Vova'
[15:34:37] application-label-mr:'Vova'
[15:34:37] application-label-ms:'Vova'
[15:34:37] application-label-my:'Vova'
[15:34:37] application-label-nb:'Vova'
[15:34:37] application-label-ne:'Vova'
[15:34:37] application-label-nl:'Vova'
[15:34:37] application-label-or:'Vova'
[15:34:37] application-label-pa:'Vova'
[15:34:37] application-label-pl:'Vova'
[15:34:37] application-label-pt:'Vova'
[15:34:37] application-label-pt-BR:'Vova'
[15:34:37] application-label-pt-PT:'Vova'
[15:34:37] application-label-ro:'Vova'
[15:34:37] application-label-ru:'Vova'
[15:34:37] application-label-si:'Vova'
[15:34:37] application-label-sk:'Vova'
[15:34:37] application-label-sl:'Vova'
[15:34:37] application-label-sq:'Vova'
[15:34:37] application-label-sr:'Vova'
[15:34:37] application-label-sr-Latn:'Vova'
[15:34:37] application-label-sv:'Vova'
[15:34:37] application-label-sw:'Vova'
[15:34:37] application-label-ta:'Vova'
[15:34:37] application-label-te:'Vova'
[15:34:37] application-label-th:'Vova'
[15:34:37] application-label-tl:'Vova'
[15:34:37] application-label-tr:'Vova'
[15:34:37] application-label-uk:'Vova'
[15:34:37] application-label-ur:'Vova'
[15:34:37] application-label-uz:'Vova'
[15:34:37] application-label-vi:'Vova'
[15:34:37] application-label-zh:'Vova'
[15:34:37] application-label-zh-CN:'Vova'
[15:34:37] application-label-zh-HK:'Vova'
[15:34:37] application-label-zh-TW:'Vova'
[15:34:37] application-label-zu:'Vova'
[15:34:37] application-icon-120:'res/mipmap-mdpi-v4/ic_launcher.webp'
[15:34:37] application-icon-160:'res/mipmap-mdpi-v4/ic_launcher.webp'
[15:34:37] application-icon-240:'res/mipmap-hdpi-v4/ic_launcher.webp'
[15:34:37] application-icon-320:'res/mipmap-xhdpi-v4/ic_launcher.webp'
[15:34:37] application-icon-480:'res/mipmap-xxhdpi-v4/ic_launcher.webp'
[15:34:37] application-icon-640:'res/mipmap-xxxhdpi-v4/ic_launcher.webp'
[15:34:37] application-icon-65534:'res/mipmap-mdpi-v4/ic_launcher.webp'
[15:34:37] application: label='Vova' icon='res/mipmap-mdpi-v4/ic_launcher.webp'
[15:34:37] testOnly='-1'
[15:34:37] application-debuggable
[15:34:37] launchable-activity: name='com.vova.app.ui.LauncherActivity'  label='' icon=''
[15:34:37] uses-library-not-required:'android.ext.adservices'
[15:34:37] feature-group: label=''
[15:34:37]   uses-feature-not-required: name='android.hardware.camera'
[15:34:37]   uses-feature: name='android.hardware.faketouch'
[15:34:37]   uses-implied-feature: name='android.hardware.faketouch' reason='default feature for all apps'
[15:34:37]   uses-feature: name='android.hardware.microphone'
[15:34:37]   uses-implied-feature: name='android.hardware.microphone' reason='requested android.permission.RECORD_AUDIO permission'
[15:34:37]   uses-feature: name='android.hardware.screen.portrait'
[15:34:37]   uses-implied-feature: name='android.hardware.screen.portrait' reason='one or more activities have specified a portrait orientation'
[15:34:37]   uses-feature: name='android.hardware.wifi'
[15:34:37]   uses-implied-feature: name='android.hardware.wifi' reason='requested android.permission.ACCESS_WIFI_STATE permission'
[15:34:37] main
[15:34:37] other-activities
[15:34:37] other-receivers
[15:34:37] other-services
[15:34:37] supports-screens: 'small' 'normal' 'large' 'xlarge'
[15:34:37] supports-any-density: 'true'
[15:34:37] locales: '--_--' 'af' 'am' 'ar' 'as' 'az' 'be' 'bg' 'bn' 'bs' 'ca' 'cs' 'da' 'de' 'el' 'en' 'en-AU' 'en-CA' 'en-GB' 'en-IN' 'en-XC' 'es' 'es-419' 'es-ES' 'es-US' 'et' 'eu' 'fa' 'fi' 'fr' 'fr-CA' 'gl' 'gu' 'hi' 'hr' 'hu' 'hy' 'id' 'in' 'is' 'it' 'iw' 'ja' 'ka' 'kk' 'km' 'kn' 'ko' 'ky' 'lo' 'lt' 'lv' 'mk' 'ml' 'mn' 'mr' 'ms' 'my' 'nb' 'ne' 'nl' 'or' 'pa' 'pl' 'pt' 'pt-BR' 'pt-PT' 'ro' 'ru' 'si' 'sk' 'sl' 'sq' 'sr' 'sr-Latn' 'sv' 'sw' 'ta' 'te' 'th' 'tl' 'tr' 'uk' 'ur' 'uz' 'vi' 'zh' 'zh-CN' 'zh-HK' 'zh-TW' 'zu'
[15:34:37] densities: '120' '160' '240' '320' '480' '640' '65534'
[15:34:37] native-code: 'arm64-v8a' 'armeabi-v7a'
[15:34:37] 刷新设备...
[15:34:37] > C:\Users\Administrator\AppData\Local\Android\Sdk\platform-tools\adb.exe devices -l
[15:34:37] List of devices attached
[15:34:37] VBJDU19521002427       device product:COL-AL10 model:COL_AL10 device:HWCOL transport_id:14
[15:34:37] 127.0.0.1:5555         device product:PD2241 model:V2241A device:PD2241 transport_id:13
[15:34:37] 
[15:34:37] > C:\Users\Administrator\AppData\Local\Android\Sdk\platform-tools\adb.exe -s VBJDU19521002427 shell getprop ro.product.manufacturer
[15:34:37] HUAWEI
[15:34:37] > C:\Users\Administrator\AppData\Local\Android\Sdk\platform-tools\adb.exe -s VBJDU19521002427 shell getprop ro.build.version.release
[15:34:37] 10
[15:34:37] > C:\Users\Administrator\AppData\Local\Android\Sdk\platform-tools\adb.exe -s 127.0.0.1:5555 shell getprop ro.product.manufacturer
[15:34:37] vivo
[15:34:37] > C:\Users\Administrator\AppData\Local\Android\Sdk\platform-tools\adb.exe -s 127.0.0.1:5555 shell getprop ro.build.version.release
[15:34:37] 12
[15:34:48] 开始执行，APK：D:\AndroidProject\Vova\app\build\intermediates\apk\debug\Vova-1.3.4-2026_0608_1416-debug.apk
[15:34:48] [1/2] 处理设备：HUAWEI COL_AL10 | VBJDU19521002427 | device | Android 10 | device:HWCOL | product:COL-AL10
[15:34:48] 启动应用：com.vova.app
[15:34:48] > C:\Users\Administrator\AppData\Local\Android\Sdk\platform-tools\adb.exe -s VBJDU19521002427 shell am start -n com.vova.app/com.vova.app.ui.LauncherActivity
[15:34:49] Starting: Intent { cmp=com.vova.app/.ui.LauncherActivity }
[15:34:49] 启动应用成功。
[15:34:49] [2/2] 处理设备：vivo V2241A | 127.0.0.1:5555 | device | Android 12 | device:PD2241 | product:PD2241
[15:34:49] 启动应用：com.vova.app
[15:34:49] > C:\Users\Administrator\AppData\Local\Android\Sdk\platform-tools\adb.exe -s 127.0.0.1:5555 shell am start -n com.vova.app/com.vova.app.ui.LauncherActivity
[15:34:49] Starting: Intent { cmp=com.vova.app/.ui.LauncherActivity }
[15:34:49] 启动应用成功。
[15:34:49] 执行完成：成功 2，失败 0，跳过 0
[15:34:57] 开始执行，APK：D:\AndroidProject\Vova\app\build\intermediates\apk\debug\Vova-1.3.4-2026_0608_1416-debug.apk
[15:34:57] [1/2] 处理设备：HUAWEI COL_AL10 | VBJDU19521002427 | device | Android 10 | device:HWCOL | product:COL-AL10
[15:34:57] 启动应用：com.vova.app
[15:34:57] > C:\Users\Administrator\AppData\Local\Android\Sdk\platform-tools\adb.exe -s VBJDU19521002427 shell am start -n com.vova.app/com.vova.app.ui.LauncherActivity
[15:34:57] Starting: Intent { cmp=com.vova.app/.ui.LauncherActivity }
[15:34:57] 启动应用成功。
[15:34:57] [2/2] 处理设备：vivo V2241A | 127.0.0.1:5555 | device | Android 12 | device:PD2241 | product:PD2241
[15:34:57] 启动应用：com.vova.app
[15:34:57] > C:\Users\Administrator\AppData\Local\Android\Sdk\platform-tools\adb.exe -s 127.0.0.1:5555 shell am start -n com.vova.app/com.vova.app.ui.LauncherActivity
[15:34:57] Starting: Intent { cmp=com.vova.app/.ui.LauncherActivity }
[15:34:57] 启动应用成功。
[15:34:57] 执行完成：成功 2，失败 0，跳过 0
[15:35:04] 开始执行，APK：D:\AndroidProject\Vova\app\build\intermediates\apk\debug\Vova-1.3.4-2026_0608_1416-debug.apk
[15:35:04] [1/2] 处理设备：HUAWEI COL_AL10 | VBJDU19521002427 | device | Android 10 | device:HWCOL | product:COL-AL10
[15:35:04] 启动应用：com.vova.app
[15:35:04] > C:\Users\Administrator\AppData\Local\Android\Sdk\platform-tools\adb.exe -s VBJDU19521002427 shell am start -n com.vova.app/com.vova.app.ui.LauncherActivity
[15:35:04] Starting: Intent { cmp=com.vova.app/.ui.LauncherActivity }
[15:35:04] 启动应用成功。
[15:35:04] [2/2] 处理设备：vivo V2241A | 127.0.0.1:5555 | device | Android 12 | device:PD2241 | product:PD2241
[15:35:04] 启动应用：com.vova.app
[15:35:04] > C:\Users\Administrator\AppData\Local\Android\Sdk\platform-tools\adb.exe -s 127.0.0.1:5555 shell am start -n com.vova.app/com.vova.app.ui.LauncherActivity
[15:35:04] Starting: Intent { cmp=com.vova.app/.ui.LauncherActivity }
[15:35:04] 启动应用成功。
[15:35:04] 执行完成：成功 2，失败 0，跳过 0
