[14:38:17] 断连设备...
[14:38:17] > C:\Users\Administrator\AppData\Local\Android\Sdk\platform-tools\adb.exe disconnect 127.0.0.1:5555
[14:38:17] disconnected 127.0.0.1:5555
[14:38:17] 断连设备结果：disconnected 127.0.0.1:5555
[14:38:17] 刷新设备...
[14:38:17] > C:\Users\Administrator\AppData\Local\Android\Sdk\platform-tools\adb.exe devices -l
[14:38:17] > C:\Users\Administrator\AppData\Local\Android\Sdk\platform-tools\adb.exe -s VBJDU19521002427 shell getprop ro.product.manufacturer
[14:38:17] > C:\Users\Administrator\AppData\Local\Android\Sdk\platform-tools\adb.exe -s VBJDU19521002427 shell getprop ro.build.version.release
[14:38:17] List of devices attached
[14:38:17] VBJDU19521002427       device product:COL-AL10 model:COL_AL10 device:HWCOL transport_id:10
[14:38:17] 
[14:38:17] HUAWEI
[14:38:17] 10
[14:38:26] 刷新设备...
[14:38:26] > C:\Users\Administrator\AppData\Local\Android\Sdk\platform-tools\adb.exe devices -l
[14:38:26] > C:\Users\Administrator\AppData\Local\Android\Sdk\platform-tools\adb.exe -s VBJDU19521002427 shell getprop ro.product.manufacturer
[14:38:26] > C:\Users\Administrator\AppData\Local\Android\Sdk\platform-tools\adb.exe -s VBJDU19521002427 shell getprop ro.build.version.release
[14:38:26] List of devices attached
[14:38:26] VBJDU19521002427       device product:COL-AL10 model:COL_AL10 device:HWCOL transport_id:10
[14:38:26] 
[14:38:26] HUAWEI
[14:38:26] 10
[14:38:28] 连接设备...
[14:38:28] > C:\Users\Administrator\AppData\Local\Android\Sdk\platform-tools\adb.exe connect 127.0.0.1:5555
[14:38:28] connected to 127.0.0.1:5555
[14:38:28] 连接设备结果：connected to 127.0.0.1:5555
[14:38:28] 刷新设备...
[14:38:28] > C:\Users\Administrator\AppData\Local\Android\Sdk\platform-tools\adb.exe devices -l
[14:38:28] > C:\Users\Administrator\AppData\Local\Android\Sdk\platform-tools\adb.exe -s VBJDU19521002427 shell getprop ro.product.manufacturer
[14:38:28] > C:\Users\Administrator\AppData\Local\Android\Sdk\platform-tools\adb.exe -s VBJDU19521002427 shell getprop ro.build.version.release
[14:38:28] > C:\Users\Administrator\AppData\Local\Android\Sdk\platform-tools\adb.exe -s 127.0.0.1:5555 shell getprop ro.product.manufacturer
[14:38:28] > C:\Users\Administrator\AppData\Local\Android\Sdk\platform-tools\adb.exe -s 127.0.0.1:5555 shell getprop ro.build.version.release
[14:38:28] List of devices attached
[14:38:28] VBJDU19521002427       device product:COL-AL10 model:COL_AL10 device:HWCOL transport_id:10
[14:38:28] 127.0.0.1:5555         device product:PD2241 model:V2241A device:PD2241 transport_id:12
[14:38:28] 
[14:38:28] HUAWEI
[14:38:28] 10
[14:38:28] vivo
[14:38:28] 12
[14:42:50] > C:\Users\Administrator\AppData\Local\Android\Sdk\build-tools\36.0.0\aapt.exe dump badging D:\AndroidProject\Vova\app\build\intermediates\apk\debug\Vova-1.3.4-2026_0608_1416-debug.apk
[14:42:50] package: name='com.vova.app' versionCode='34' versionName='1.3.4' platformBuildVersionName='15' platformBuildVersionCode='35' compileSdkVersion='35' compileSdkVersionCodename='15'
[14:42:50] sdkVersion:'24'
[14:42:50] targetSdkVersion:'35'
[14:42:50] uses-permission: name='android.permission.INTERNET'
[14:42:50] uses-permission: name='android.permission.RECORD_AUDIO'
[14:42:50] uses-permission: name='android.permission.ACCESS_NETWORK_STATE'
[14:42:50] uses-permission: name='android.permission.ACCESS_WIFI_STATE'
[14:42:50] uses-permission: name='android.permission.VIBRATE'
[14:42:50] uses-permission: name='android.permission.POST_NOTIFICATIONS'
[14:42:50] uses-permission: name='android.permission.FOREGROUND_SERVICE'
[14:42:50] uses-permission: name='android.permission.FOREGROUND_SERVICE_MICROPHONE'
[14:42:50] uses-permission: name='android.permission.MODIFY_AUDIO_SETTINGS'
[14:42:50] uses-permission: name='android.permission.FLASHLIGHT'
[14:42:50] uses-permission: name='android.permission.READ_MEDIA_AUDIO'
[14:42:50] uses-permission: name='android.permission.READ_EXTERNAL_STORAGE' maxSdkVersion='32'
[14:42:50] uses-permission: name='android.permission.WRITE_EXTERNAL_STORAGE' maxSdkVersion='32'
[14:42:50] uses-permission: name='android.permission.USE_BIOMETRIC'
[14:42:50] uses-permission: name='android.permission.USE_FINGERPRINT'
[14:42:50] uses-permission: name='com.android.vending.BILLING'
[14:42:50] uses-permission: name='android.permission.WAKE_LOCK'
[14:42:50] uses-permission: name='com.google.android.finsky.permission.BIND_GET_INSTALL_REFERRER_SERVICE'
[14:42:50] uses-permission: name='android.permission.ACCESS_ADSERVICES_ATTRIBUTION'
[14:42:50] uses-permission: name='android.permission.ACCESS_ADSERVICES_AD_ID'
[14:42:50] uses-permission: name='android.permission.ACCESS_ADSERVICES_CUSTOM_AUDIENCE'
[14:42:50] uses-permission: name='android.permission.ACCESS_ADSERVICES_TOPICS'
[14:42:50] uses-permission: name='com.vova.app.DYNAMIC_RECEIVER_NOT_EXPORTED_PERMISSION'
[14:42:50] application-label:'Vova'
[14:42:50] application-label-af:'Vova'
[14:42:50] application-label-am:'Vova'
[14:42:50] application-label-ar:'Vova'
[14:42:50] application-label-as:'Vova'
[14:42:50] application-label-az:'Vova'
[14:42:50] application-label-be:'Vova'
[14:42:50] application-label-bg:'Vova'
[14:42:50] application-label-bn:'Vova'
[14:42:50] application-label-bs:'Vova'
[14:42:50] application-label-ca:'Vova'
[14:42:50] application-label-cs:'Vova'
[14:42:50] application-label-da:'Vova'
[14:42:50] application-label-de:'Vova'
[14:42:50] application-label-el:'Vova'
[14:42:50] application-label-en:'Vova'
[14:42:50] application-label-en-AU:'Vova'
[14:42:50] application-label-en-CA:'Vova'
[14:42:50] application-label-en-GB:'Vova'
[14:42:50] application-label-en-IN:'Vova'
[14:42:50] application-label-en-XC:'Vova'
[14:42:50] application-label-es:'Vova'
[14:42:50] application-label-es-419:'Vova'
[14:42:50] application-label-es-ES:'Vova'
[14:42:50] application-label-es-US:'Vova'
[14:42:50] application-label-et:'Vova'
[14:42:50] application-label-eu:'Vova'
[14:42:50] application-label-fa:'Vova'
[14:42:50] application-label-fi:'Vova'
[14:42:50] application-label-fr:'Vova'
[14:42:50] application-label-fr-CA:'Vova'
[14:42:50] application-label-gl:'Vova'
[14:42:50] application-label-gu:'Vova'
[14:42:50] application-label-hi:'Vova'
[14:42:50] application-label-hr:'Vova'
[14:42:50] application-label-hu:'Vova'
[14:42:50] application-label-hy:'Vova'
[14:42:50] application-label-id:'Vova'
[14:42:50] application-label-in:'Vova'
[14:42:50] application-label-is:'Vova'
[14:42:50] application-label-it:'Vova'
[14:42:50] application-label-iw:'Vova'
[14:42:50] application-label-ja:'Vova'
[14:42:50] application-label-ka:'Vova'
[14:42:50] application-label-kk:'Vova'
[14:42:50] application-label-km:'Vova'
[14:42:50] application-label-kn:'Vova'
[14:42:50] application-label-ko:'Vova'
[14:42:50] application-label-ky:'Vova'
[14:42:50] application-label-lo:'Vova'
[14:42:50] application-label-lt:'Vova'
[14:42:50] application-label-lv:'Vova'
[14:42:50] application-label-mk:'Vova'
[14:42:50] application-label-ml:'Vova'
[14:42:50] application-label-mn:'Vova'
[14:42:50] application-label-mr:'Vova'
[14:42:50] application-label-ms:'Vova'
[14:42:50] application-label-my:'Vova'
[14:42:50] application-label-nb:'Vova'
[14:42:50] application-label-ne:'Vova'
[14:42:50] application-label-nl:'Vova'
[14:42:50] application-label-or:'Vova'
[14:42:50] application-label-pa:'Vova'
[14:42:50] application-label-pl:'Vova'
[14:42:50] application-label-pt:'Vova'
[14:42:50] application-label-pt-BR:'Vova'
[14:42:50] application-label-pt-PT:'Vova'
[14:42:50] application-label-ro:'Vova'
[14:42:50] application-label-ru:'Vova'
[14:42:50] application-label-si:'Vova'
[14:42:50] application-label-sk:'Vova'
[14:42:50] application-label-sl:'Vova'
[14:42:50] application-label-sq:'Vova'
[14:42:50] application-label-sr:'Vova'
[14:42:50] application-label-sr-Latn:'Vova'
[14:42:50] application-label-sv:'Vova'
[14:42:50] application-label-sw:'Vova'
[14:42:50] application-label-ta:'Vova'
[14:42:50] application-label-te:'Vova'
[14:42:50] application-label-th:'Vova'
[14:42:50] application-label-tl:'Vova'
[14:42:50] application-label-tr:'Vova'
[14:42:50] application-label-uk:'Vova'
[14:42:50] application-label-ur:'Vova'
[14:42:50] application-label-uz:'Vova'
[14:42:50] application-label-vi:'Vova'
[14:42:50] application-label-zh:'Vova'
[14:42:50] application-label-zh-CN:'Vova'
[14:42:50] application-label-zh-HK:'Vova'
[14:42:50] application-label-zh-TW:'Vova'
[14:42:50] application-label-zu:'Vova'
[14:42:50] application-icon-120:'res/mipmap-mdpi-v4/ic_launcher.webp'
[14:42:50] application-icon-160:'res/mipmap-mdpi-v4/ic_launcher.webp'
[14:42:50] application-icon-240:'res/mipmap-hdpi-v4/ic_launcher.webp'
[14:42:50] application-icon-320:'res/mipmap-xhdpi-v4/ic_launcher.webp'
[14:42:50] application-icon-480:'res/mipmap-xxhdpi-v4/ic_launcher.webp'
[14:42:50] application-icon-640:'res/mipmap-xxxhdpi-v4/ic_launcher.webp'
[14:42:50] application-icon-65534:'res/mipmap-mdpi-v4/ic_launcher.webp'
[14:42:50] application: label='Vova' icon='res/mipmap-mdpi-v4/ic_launcher.webp'
[14:42:50] testOnly='-1'
[14:42:50] application-debuggable
[14:42:50] launchable-activity: name='com.vova.app.ui.LauncherActivity'  label='' icon=''
[14:42:50] uses-library-not-required:'android.ext.adservices'
[14:42:50] feature-group: label=''
[14:42:50]   uses-feature-not-required: name='android.hardware.camera'
[14:42:50]   uses-feature: name='android.hardware.faketouch'
[14:42:50]   uses-implied-feature: name='android.hardware.faketouch' reason='default feature for all apps'
[14:42:50]   uses-feature: name='android.hardware.microphone'
[14:42:50]   uses-implied-feature: name='android.hardware.microphone' reason='requested android.permission.RECORD_AUDIO permission'
[14:42:50]   uses-feature: name='android.hardware.screen.portrait'
[14:42:50]   uses-implied-feature: name='android.hardware.screen.portrait' reason='one or more activities have specified a portrait orientation'
[14:42:50]   uses-feature: name='android.hardware.wifi'
[14:42:50]   uses-implied-feature: name='android.hardware.wifi' reason='requested android.permission.ACCESS_WIFI_STATE permission'
[14:42:50] main
[14:42:50] other-activities
[14:42:50] other-receivers
[14:42:50] other-services
[14:42:50] supports-screens: 'small' 'normal' 'large' 'xlarge'
[14:42:50] supports-any-density: 'true'
[14:42:50] locales: '--_--' 'af' 'am' 'ar' 'as' 'az' 'be' 'bg' 'bn' 'bs' 'ca' 'cs' 'da' 'de' 'el' 'en' 'en-AU' 'en-CA' 'en-GB' 'en-IN' 'en-XC' 'es' 'es-419' 'es-ES' 'es-US' 'et' 'eu' 'fa' 'fi' 'fr' 'fr-CA' 'gl' 'gu' 'hi' 'hr' 'hu' 'hy' 'id' 'in' 'is' 'it' 'iw' 'ja' 'ka' 'kk' 'km' 'kn' 'ko' 'ky' 'lo' 'lt' 'lv' 'mk' 'ml' 'mn' 'mr' 'ms' 'my' 'nb' 'ne' 'nl' 'or' 'pa' 'pl' 'pt' 'pt-BR' 'pt-PT' 'ro' 'ru' 'si' 'sk' 'sl' 'sq' 'sr' 'sr-Latn' 'sv' 'sw' 'ta' 'te' 'th' 'tl' 'tr' 'uk' 'ur' 'uz' 'vi' 'zh' 'zh-CN' 'zh-HK' 'zh-TW' 'zu'
[14:42:50] densities: '120' '160' '240' '320' '480' '640' '65534'
[14:42:50] native-code: 'arm64-v8a' 'armeabi-v7a'
[14:42:52] 开始执行，APK：D:\AndroidProject\Vova\app\build\intermediates\apk\debug\Vova-1.3.4-2026_0608_1416-debug.apk
[14:42:52] [1/2] 处理设备：HUAWEI COL_AL10 | VBJDU19521002427 | device | Android 10 | device:HWCOL | product:COL-AL10
[14:42:52] 安装 APK...
[14:42:52] > C:\Users\Administrator\AppData\Local\Android\Sdk\platform-tools\adb.exe -s VBJDU19521002427 install -r -d -t D:\AndroidProject\Vova\app\build\intermediates\apk\debug\Vova-1.3.4-2026_0608_1416-debug.apk
[14:43:02] Performing Streamed Install
[14:43:02] Success
[14:43:02] 安装成功。
[14:43:02] [2/2] 处理设备：vivo V2241A | 127.0.0.1:5555 | device | Android 12 | device:PD2241 | product:PD2241
[14:43:02] 安装 APK...
[14:43:02] > C:\Users\Administrator\AppData\Local\Android\Sdk\platform-tools\adb.exe -s 127.0.0.1:5555 install -r -d -t D:\AndroidProject\Vova\app\build\intermediates\apk\debug\Vova-1.3.4-2026_0608_1416-debug.apk
[14:43:06] Performing Streamed Install
[14:43:06] Success
[14:43:06] 安装成功。
[14:43:06] 执行完成：成功 2，失败 0，跳过 0
